Archive member included to satisfy reference by file (symbol)

D:/STM32CubeIDE_1.18.1/STM32CubeIDE/plugins/com.st.stm32cube.ide.mcu.externaltools.gnu-tools-for-stm32.13.3.rel1.win32_1.0.0.202411081344/tools/bin/../lib/gcc/arm-none-eabi/13.3.1/../../../../arm-none-eabi/lib/thumb/v7-m/nofp\libc_nano.a(libc_a-exit.o)
                              D:/STM32CubeIDE_1.18.1/STM32CubeIDE/plugins/com.st.stm32cube.ide.mcu.externaltools.gnu-tools-for-stm32.13.3.rel1.win32_1.0.0.202411081344/tools/bin/../lib/gcc/arm-none-eabi/13.3.1/../../../../arm-none-eabi/lib/thumb/v7-m/nofp/crt0.o (exit)
D:/STM32CubeIDE_1.18.1/STM32CubeIDE/plugins/com.st.stm32cube.ide.mcu.externaltools.gnu-tools-for-stm32.13.3.rel1.win32_1.0.0.202411081344/tools/bin/../lib/gcc/arm-none-eabi/13.3.1/../../../../arm-none-eabi/lib/thumb/v7-m/nofp\libc_nano.a(libc_a-findfp.o)
                              D:/STM32CubeIDE_1.18.1/STM32CubeIDE/plugins/com.st.stm32cube.ide.mcu.externaltools.gnu-tools-for-stm32.13.3.rel1.win32_1.0.0.202411081344/tools/bin/../lib/gcc/arm-none-eabi/13.3.1/../../../../arm-none-eabi/lib/thumb/v7-m/nofp\libc_nano.a(libc_a-exit.o) (__stdio_exit_handler)
D:/STM32CubeIDE_1.18.1/STM32CubeIDE/plugins/com.st.stm32cube.ide.mcu.externaltools.gnu-tools-for-stm32.13.3.rel1.win32_1.0.0.202411081344/tools/bin/../lib/gcc/arm-none-eabi/13.3.1/../../../../arm-none-eabi/lib/thumb/v7-m/nofp\libc_nano.a(libc_a-fwalk.o)
                              D:/STM32CubeIDE_1.18.1/STM32CubeIDE/plugins/com.st.stm32cube.ide.mcu.externaltools.gnu-tools-for-stm32.13.3.rel1.win32_1.0.0.202411081344/tools/bin/../lib/gcc/arm-none-eabi/13.3.1/../../../../arm-none-eabi/lib/thumb/v7-m/nofp\libc_nano.a(libc_a-findfp.o) (_fwalk_sglue)
D:/STM32CubeIDE_1.18.1/STM32CubeIDE/plugins/com.st.stm32cube.ide.mcu.externaltools.gnu-tools-for-stm32.13.3.rel1.win32_1.0.0.202411081344/tools/bin/../lib/gcc/arm-none-eabi/13.3.1/../../../../arm-none-eabi/lib/thumb/v7-m/nofp\libc_nano.a(libc_a-stdio.o)
                              D:/STM32CubeIDE_1.18.1/STM32CubeIDE/plugins/com.st.stm32cube.ide.mcu.externaltools.gnu-tools-for-stm32.13.3.rel1.win32_1.0.0.202411081344/tools/bin/../lib/gcc/arm-none-eabi/13.3.1/../../../../arm-none-eabi/lib/thumb/v7-m/nofp\libc_nano.a(libc_a-findfp.o) (__sread)
D:/STM32CubeIDE_1.18.1/STM32CubeIDE/plugins/com.st.stm32cube.ide.mcu.externaltools.gnu-tools-for-stm32.13.3.rel1.win32_1.0.0.202411081344/tools/bin/../lib/gcc/arm-none-eabi/13.3.1/../../../../arm-none-eabi/lib/thumb/v7-m/nofp\libc_nano.a(libc_a-memset.o)
                              D:/STM32CubeIDE_1.18.1/STM32CubeIDE/plugins/com.st.stm32cube.ide.mcu.externaltools.gnu-tools-for-stm32.13.3.rel1.win32_1.0.0.202411081344/tools/bin/../lib/gcc/arm-none-eabi/13.3.1/../../../../arm-none-eabi/lib/thumb/v7-m/nofp/crt0.o (memset)
D:/STM32CubeIDE_1.18.1/STM32CubeIDE/plugins/com.st.stm32cube.ide.mcu.externaltools.gnu-tools-for-stm32.13.3.rel1.win32_1.0.0.202411081344/tools/bin/../lib/gcc/arm-none-eabi/13.3.1/../../../../arm-none-eabi/lib/thumb/v7-m/nofp\libc_nano.a(libc_a-closer.o)
                              D:/STM32CubeIDE_1.18.1/STM32CubeIDE/plugins/com.st.stm32cube.ide.mcu.externaltools.gnu-tools-for-stm32.13.3.rel1.win32_1.0.0.202411081344/tools/bin/../lib/gcc/arm-none-eabi/13.3.1/../../../../arm-none-eabi/lib/thumb/v7-m/nofp\libc_nano.a(libc_a-stdio.o) (_close_r)
D:/STM32CubeIDE_1.18.1/STM32CubeIDE/plugins/com.st.stm32cube.ide.mcu.externaltools.gnu-tools-for-stm32.13.3.rel1.win32_1.0.0.202411081344/tools/bin/../lib/gcc/arm-none-eabi/13.3.1/../../../../arm-none-eabi/lib/thumb/v7-m/nofp\libc_nano.a(libc_a-reent.o)
                              D:/STM32CubeIDE_1.18.1/STM32CubeIDE/plugins/com.st.stm32cube.ide.mcu.externaltools.gnu-tools-for-stm32.13.3.rel1.win32_1.0.0.202411081344/tools/bin/../lib/gcc/arm-none-eabi/13.3.1/../../../../arm-none-eabi/lib/thumb/v7-m/nofp\libc_nano.a(libc_a-closer.o) (errno)
D:/STM32CubeIDE_1.18.1/STM32CubeIDE/plugins/com.st.stm32cube.ide.mcu.externaltools.gnu-tools-for-stm32.13.3.rel1.win32_1.0.0.202411081344/tools/bin/../lib/gcc/arm-none-eabi/13.3.1/../../../../arm-none-eabi/lib/thumb/v7-m/nofp\libc_nano.a(libc_a-impure.o)
                              D:/STM32CubeIDE_1.18.1/STM32CubeIDE/plugins/com.st.stm32cube.ide.mcu.externaltools.gnu-tools-for-stm32.13.3.rel1.win32_1.0.0.202411081344/tools/bin/../lib/gcc/arm-none-eabi/13.3.1/../../../../arm-none-eabi/lib/thumb/v7-m/nofp\libc_nano.a(libc_a-reent.o) (_impure_ptr)
D:/STM32CubeIDE_1.18.1/STM32CubeIDE/plugins/com.st.stm32cube.ide.mcu.externaltools.gnu-tools-for-stm32.13.3.rel1.win32_1.0.0.202411081344/tools/bin/../lib/gcc/arm-none-eabi/13.3.1/../../../../arm-none-eabi/lib/thumb/v7-m/nofp\libc_nano.a(libc_a-lseekr.o)
                              D:/STM32CubeIDE_1.18.1/STM32CubeIDE/plugins/com.st.stm32cube.ide.mcu.externaltools.gnu-tools-for-stm32.13.3.rel1.win32_1.0.0.202411081344/tools/bin/../lib/gcc/arm-none-eabi/13.3.1/../../../../arm-none-eabi/lib/thumb/v7-m/nofp\libc_nano.a(libc_a-stdio.o) (_lseek_r)
[...]
Memory Configuration

Name             Origin             Length             Attributes
RAM              0x20000000         0x00005000         xrw
FLASH            0x08000000         0x00010000         xr
*default*        0x00000000         0xffffffff

Linker script and memory map

LOAD D:/STM32CubeIDE_1.18.1/STM32CubeIDE/plugins/com.st.stm32cube.ide.mcu.externaltools.gnu-tools-for-stm32.13.3.rel1.win32_1.0.0.202411081344/tools/bin/../lib/gcc/arm-none-eabi/13.3.1/thumb/v7-m/nofp/crti.o
LOAD D:/STM32CubeIDE_1.18.1/STM32CubeIDE/plugins/com.st.stm32cube.ide.mcu.externaltools.gnu-tools-for-stm32.13.3.rel1.win32_1.0.0.202411081344/tools/bin/../lib/gcc/arm-none-eabi/13.3.1/thumb/v7-m/nofp/crtbegin.o
LOAD D:/STM32CubeIDE_1.18.1/STM32CubeIDE/plugins/com.st.stm32cube.ide.mcu.externaltools.gnu-tools-for-stm32.13.3.rel1.win32_1.0.0.202411081344/tools/bin/../lib/gcc/arm-none-eabi/13.3.1/../../../../arm-none-eabi/lib/thumb/v7-m/nofp/crt0.o
LOAD ./Core/Src/can.o
LOAD ./Core/Src/gpio.o
LOAD ./Core/Src/main.o
LOAD ./Core/Src/stm32f1xx_hal_msp.o
LOAD ./Core/Src/stm32f1xx_it.o
LOAD ./Core/Src/syscalls.o
LOAD ./Core/Src/sysmem.o
LOAD ./Core/Src/system_stm32f1xx.o
LOAD ./Core/Src/timer.o
LOAD ./Core/Src/uart.o
LOAD ./Core/Startup/startup_stm32f103c8tx.o
LOAD ./Drivers/STM32F1xx_HAL_Driver/Src/stm32f1xx_hal.o
LOAD ./Drivers/STM32F1xx_HAL_Driver/Src/stm32f1xx_hal_cortex.o
LOAD ./Drivers/STM32F1xx_HAL_Driver/Src/stm32f1xx_hal_dma.o
LOAD ./Drivers/STM32F1xx_HAL_Driver/Src/stm32f1xx_hal_exti.o
LOAD ./Drivers/STM32F1xx_HAL_Driver/Src/stm32f1xx_hal_flash.o
LOAD ./Drivers/STM32F1xx_HAL_Driver/Src/stm32f1xx_hal_flash_ex.o
LOAD ./Drivers/STM32F1xx_HAL_Driver/Src/stm32f1xx_hal_gpio.o
LOAD ./Drivers/STM32F1xx_HAL_Driver/Src/stm32f1xx_hal_gpio_ex.o
LOAD ./Drivers/STM32F1xx_HAL_Driver/Src/stm32f1xx_hal_pwr.o
LOAD ./Drivers/STM32F1xx_HAL_Driver/Src/stm32f1xx_hal_rcc.o
LOAD ./Drivers/STM32F1xx_HAL_Driver/Src/stm32f1xx_hal_rcc_ex.o
START GROUP
LOAD D:/STM32CubeIDE_1.18.1/STM32CubeIDE/plugins/com.st.stm32cube.ide.mcu.externaltools.gnu-tools-for-stm32.13.3.rel1.win32_1.0.0.202411081344/tools/bin/../lib/gcc/arm-none-eabi/13.3.1/../../../../arm-none-eabi/lib/thumb/v7-m/nofp\libc_nano.a
LOAD D:/STM32CubeIDE_1.18.1/STM32CubeIDE/plugins/com.st.stm32cube.ide.mcu.externaltools.gnu-tools-for-stm32.13.3.rel1.win32_1.0.0.202411081344/tools/bin/../lib/gcc/arm-none-eabi/13.3.1/../../../../arm-none-eabi/lib/thumb/v7-m/nofp\libm.a
END GROUP
START GROUP
LOAD D:/STM32CubeIDE_1.18.1/STM32CubeIDE/plugins/com.st.stm32cube.ide.mcu.externaltools.gnu-tools-for-stm32.13.3.rel1.win32_1.0.0.202411081344/tools/bin/../lib/gcc/arm-none-eabi/13.3.1/thumb/v7-m/nofp\libgcc.a
LOAD D:/STM32CubeIDE_1.18.1/STM32CubeIDE/plugins/com.st.stm32cube.ide.mcu.externaltools.gnu-tools-for-stm32.13.3.rel1.win32_1.0.0.202411081344/tools/bin/../lib/gcc/arm-none-eabi/13.3.1/../../../../arm-none-eabi/lib/thumb/v7-m/nofp\libc_nano.a
END GROUP
START GROUP
LOAD D:/STM32CubeIDE_1.18.1/STM32CubeIDE/plugins/com.st.stm32cube.ide.mcu.externaltools.gnu-tools-for-stm32.13.3.rel1.win32_1.0.0.202411081344/tools/bin/../lib/gcc/arm-none-eabi/13.3.1/thumb/v7-m/nofp\libgcc.a
LOAD D:/STM32CubeIDE_1.18.1/STM32CubeIDE/plugins/com.st.stm32cube.ide.mcu.externaltools.gnu-tools-for-stm32.13.3.rel1.win32_1.0.0.202411081344/tools/bin/../lib/gcc/arm-none-eabi/13.3.1/../../../../arm-none-eabi/lib/thumb/v7-m/nofp\libc_nano.a
LOAD D:/STM32CubeIDE_1.18.1/STM32CubeIDE/plugins/com.st.stm32cube.ide.mcu.externaltools.gnu-tools-for-stm32.13.3.rel1.win32_1.0.0.202411081344/tools/bin/../lib/gcc/arm-none-eabi/13.3.1/../../../../arm-none-eabi/lib/thumb/v7-m/nofp\libnosys.a
END GROUP
START GROUP
LOAD D:/STM32CubeIDE_1.18.1/STM32CubeIDE/plugins/com.st.stm32cube.ide.mcu.externaltools.gnu-tools-for-stm32.13.3.rel1.win32_1.0.0.202411081344/tools/bin/../lib/gcc/arm-none-eabi/13.3.1/thumb/v7-m/nofp\libgcc.a
LOAD D:/STM32CubeIDE_1.18.1/STM32CubeIDE/plugins/com.st.stm32cube.ide.mcu.externaltools.gnu-tools-for-stm32.13.3.rel1.win32_1.0.0.202411081344/tools/bin/../lib/gcc/arm-none-eabi/13.3.1/../../../../arm-none-eabi/lib/thumb/v7-m/nofp\libc_nano.a
LOAD D:/STM32CubeIDE_1.18.1/STM32CubeIDE/plugins/com.st.stm32cube.ide.mcu.externaltools.gnu-tools-for-stm32.13.3.rel1.win32_1.0.0.202411081344/tools/bin/../lib/gcc/arm-none-eabi/13.3.1/../../../../arm-none-eabi/lib/thumb/v7-m/nofp\libnosys.a
END GROUP
LOAD D:/STM32CubeIDE_1.18.1/STM32CubeIDE/plugins/com.st.stm32cube.ide.mcu.externaltools.gnu-tools-for-stm32.13.3.rel1.win32_1.0.0.202411081344/tools/bin/../lib/gcc/arm-none-eabi/13.3.1/thumb/v7-m/nofp/crtend.o
LOAD D:/STM32CubeIDE_1.18.1/STM32CubeIDE/plugins/com.st.stm32cube.ide.mcu.externaltools.gnu-tools-for-stm32.13.3.rel1.win32_1.0.0.202411081344/tools/bin/../lib/gcc/arm-none-eabi/13.3.1/thumb/v7-m/nofp/crtn.o
                0x20005000                        _estack = (ORIGIN (RAM) + LENGTH (RAM))
                0x00000200                        _Min_Heap_Size = 0x200
                0x00000400                        _Min_Stack_Size = 0x400

.isr_vector     0x08000000      0x10c
                0x08000000                        . = ALIGN (0x4)
 *(.isr_vector)
 .isr_vector    0x08000000      0x10c ./Core/Startup/startup_stm32f103c8tx.o
                0x08000000                g_pfnVectors
                0x0800010c                        . = ALIGN (0x4)

.text           0x0800010c      0xc20
                0x0800010c                        . = ALIGN (0x4)
 *(.text)
 .text          0x0800010c       0x40 D:/STM32CubeIDE_1.18.1/STM32CubeIDE/plugins/com.st.stm32cube.ide.mcu.externaltools.gnu-tools-for-stm32.13.3.rel1.win32_1.0.0.202411081344/tools/bin/../lib/gcc/arm-none-eabi/13.3.1/thumb/v7-m/nofp/crtbegin.o
 *(.text*)
 .text.__NVIC_EnableIRQ
                0x0800014c       0x38 ./Core/Src/can.o
 .text.CAN_Config
                0x08000184      0x10c ./Core/Src/can.o
                0x08000184                CAN_Config
 .text.CAN_Send
                0x08000290      0x134 ./Core/Src/can.o
                0x08000290                CAN_Send
 .text.USB_LP_CAN1_RX0_IRQHandler
                0x080003c4       0xec ./Core/Src/can.o
                0x080003c4                USB_LP_CAN1_RX0_IRQHandler
 .text.Process_CAN_Frame
                0x080004b0      0x104 ./Core/Src/can.o
                0x080004b0                Process_CAN_Frame
 .text.USB_HP_CAN1_TX_IRQHandler
                0x080005b4       0x58 ./Core/Src/can.o
                0x080005b4                USB_HP_CAN1_TX_IRQHandler
 .text.GPIO_Config
                0x0800060c       0x50 ./Core/Src/gpio.o
                0x0800060c                GPIO_Config
 .text.main     0x0800065c       0x68 ./Core/Src/main.o
                0x0800065c                main
 .text.NMI_Handler
                0x080006c4        0x8 ./Core/Src/stm32f1xx_it.o
                0x080006c4                NMI_Handler
 .text.HardFault_Handler
                0x080006cc        0x8 ./Core/Src/stm32f1xx_it.o
                0x080006cc                HardFault_Handler
 .text.MemManage_Handler
                0x080006d4        0x8 ./Core/Src/stm32f1xx_it.o
                0x080006d4                MemManage_Handler
 .text.BusFault_Handler
                0x080006dc        0x8 ./Core/Src/stm32f1xx_it.o
                0x080006dc                BusFault_Handler
 .text.UsageFault_Handler
                0x080006e4        0x8 ./Core/Src/stm32f1xx_it.o
                0x080006e4                UsageFault_Handler
 .text.SVC_Handler
                0x080006ec        0xc ./Core/Src/stm32f1xx_it.o
                0x080006ec                SVC_Handler
 .text.DebugMon_Handler
                0x080006f8        0xc ./Core/Src/stm32f1xx_it.o
                0x080006f8                DebugMon_Handler
 .text.PendSV_Handler
                0x08000704        0xc ./Core/Src/stm32f1xx_it.o
                0x08000704                PendSV_Handler
 .text.SysTick_Handler
                0x08000710        0xc ./Core/Src/stm32f1xx_it.o
                0x08000710                SysTick_Handler
 .text.SystemInit
                0x0800071c        0xc ./Core/Src/system_stm32f1xx.o
                0x0800071c                SystemInit
 .text.__NVIC_EnableIRQ
                0x08000728       0x38 ./Core/Src/timer.o
 .text.Timer2_Config
                0x08000760       0x44 ./Core/Src/timer.o
                0x08000760                Timer2_Config
 .text.Timer2_Start
                0x080007a4       0x56 ./Core/Src/timer.o
                0x080007a4                Timer2_Start
 .text.Timer2_Stop
                0x080007fa       0x3c ./Core/Src/timer.o
                0x080007fa                Timer2_Stop
 *fill*         0x08000836        0x2 
 .text.TIM2_IRQHandler
                0x08000838       0xe4 ./Core/Src/timer.o
                0x08000838                TIM2_IRQHandler
 .text.__NVIC_EnableIRQ
                0x0800091c       0x38 ./Core/Src/uart.o
 .text.UART_Config
                0x08000954       0x60 ./Core/Src/uart.o
                0x08000954                UART_Config
 .text.UART_SendByte
                0x080009b4       0x2c ./Core/Src/uart.o
                0x080009b4                UART_SendByte
 .text.USART1_IRQHandler
                0x080009e0       0xe4 ./Core/Src/uart.o
                0x080009e0                USART1_IRQHandler
 .text.Process_UART_Frame
                0x08000ac4      0x17c ./Core/Src/uart.o
                0x08000ac4                Process_UART_Frame
 .text.Reset_Handler
                0x08000c40       0x48 ./Core/Startup/startup_stm32f103c8tx.o
                0x08000c40                Reset_Handler
 .text.Default_Handler
                0x08000c88        0x2 ./Core/Startup/startup_stm32f103c8tx.o
                0x08000c88                RTC_Alarm_IRQHandler
                0x08000c88                EXTI2_IRQHandler
                0x08000c88                TIM1_CC_IRQHandler
                0x08000c88                PVD_IRQHandler
                0x08000c88                EXTI3_IRQHandler
                0x08000c88                EXTI0_IRQHandler
                0x08000c88                I2C2_EV_IRQHandler
                0x08000c88                ADC1_2_IRQHandler
                0x08000c88                SPI1_IRQHandler
                0x08000c88                TAMPER_IRQHandler
                0x08000c88                DMA1_Channel4_IRQHandler
                0x08000c88                USART3_IRQHandler
                0x08000c88                RTC_IRQHandler
                0x08000c88                DMA1_Channel7_IRQHandler
                0x08000c88                CAN1_RX1_IRQHandler
                0x08000c88                TIM4_IRQHandler
                0x08000c88                I2C1_EV_IRQHandler
                0x08000c88                DMA1_Channel6_IRQHandler
                0x08000c88                TIM3_IRQHandler
                0x08000c88                RCC_IRQHandler
                0x08000c88                TIM1_TRG_COM_IRQHandler
                0x08000c88                DMA1_Channel1_IRQHandler
                0x08000c88                Default_Handler
                0x08000c88                EXTI15_10_IRQHandler
                0x08000c88                EXTI9_5_IRQHandler
                0x08000c88                SPI2_IRQHandler
                0x08000c88                DMA1_Channel5_IRQHandler
                0x08000c88                EXTI4_IRQHandler
                0x08000c88                DMA1_Channel3_IRQHandler
                0x08000c88                TIM1_UP_IRQHandler
                0x08000c88                WWDG_IRQHandler
                0x08000c88                TIM1_BRK_IRQHandler
                0x08000c88                EXTI1_IRQHandler
                0x08000c88                USART2_IRQHandler
                0x08000c88                I2C2_ER_IRQHandler
                0x08000c88                DMA1_Channel2_IRQHandler
                0x08000c88                CAN1_SCE_IRQHandler
                0x08000c88                FLASH_IRQHandler
                0x08000c88                I2C1_ER_IRQHandler
                0x08000c88                USBWakeUp_IRQHandler
 *fill*         0x08000c8a        0x2 
 .text.HAL_IncTick
                0x08000c8c       0x24 ./Drivers/STM32F1xx_HAL_Driver/Src/stm32f1xx_hal.o
                0x08000c8c                HAL_IncTick
 .text.__libc_init_array
                0x08000cb0       0x48 D:/STM32CubeIDE_1.18.1/STM32CubeIDE/plugins/com.st.stm32cube.ide.mcu.externaltools.gnu-tools-for-stm32.13.3.rel1.win32_1.0.0.202411081344/tools/bin/../lib/gcc/arm-none-eabi/13.3.1/../../../../arm-none-eabi/lib/thumb/v7-m/nofp\libc_nano.a(libc_a-init.o)
                0x08000cb0                __libc_init_array
 .text.memcpy   0x08000cf8       0x1c D:/STM32CubeIDE_1.18.1/STM32CubeIDE/plugins/com.st.stm32cube.ide.mcu.externaltools.gnu-tools-for-stm32.13.3.rel1.win32_1.0.0.202411081344/tools/bin/../lib/gcc/arm-none-eabi/13.3.1/../../../../arm-none-eabi/lib/thumb/v7-m/nofp\libc_nano.a(libc_a-memcpy-stub.o)
                0x08000cf8                memcpy
 *(.glue_7)
 .glue_7        0x08000d14        0x0 linker stubs
 *(.glue_7t)
 .glue_7t       0x08000d14        0x0 linker stubs
 *(.eh_frame)
 .eh_frame      0x08000d14        0x0 D:/STM32CubeIDE_1.18.1/STM32CubeIDE/plugins/com.st.stm32cube.ide.mcu.externaltools.gnu-tools-for-stm32.13.3.rel1.win32_1.0.0.202411081344/tools/bin/../lib/gcc/arm-none-eabi/13.3.1/thumb/v7-m/nofp/crtbegin.o
 *(.init)
 .init          0x08000d14        0x4 D:/STM32CubeIDE_1.18.1/STM32CubeIDE/plugins/com.st.stm32cube.ide.mcu.externaltools.gnu-tools-for-stm32.13.3.rel1.win32_1.0.0.202411081344/tools/bin/../lib/gcc/arm-none-eabi/13.3.1/thumb/v7-m/nofp/crti.o
                0x08000d14                _init
 .init          0x08000d18        0x8 D:/STM32CubeIDE_1.18.1/STM32CubeIDE/plugins/com.st.stm32cube.ide.mcu.externaltools.gnu-tools-for-stm32.13.3.rel1.win32_1.0.0.202411081344/tools/bin/../lib/gcc/arm-none-eabi/13.3.1/thumb/v7-m/nofp/crtn.o
 *(.fini)
 .fini          0x08000d20        0x4 D:/STM32CubeIDE_1.18.1/STM32CubeIDE/plugins/com.st.stm32cube.ide.mcu.externaltools.gnu-tools-for-stm32.13.3.rel1.win32_1.0.0.202411081344/tools/bin/../lib/gcc/arm-none-eabi/13.3.1/thumb/v7-m/nofp/crti.o
                0x08000d20                _fini
 .fini          0x08000d24        0x8 D:/STM32CubeIDE_1.18.1/STM32CubeIDE/plugins/com.st.stm32cube.ide.mcu.externaltools.gnu-tools-for-stm32.13.3.rel1.win32_1.0.0.202411081344/tools/bin/../lib/gcc/arm-none-eabi/13.3.1/thumb/v7-m/nofp/crtn.o
                0x08000d2c                        . = ALIGN (0x4)
                0x08000d2c                        _etext = .

.vfp11_veneer   0x08000d2c        0x0
 .vfp11_veneer  0x08000d2c        0x0 linker stubs

.v4_bx          0x08000d2c        0x0
 .v4_bx         0x08000d2c        0x0 linker stubs

.iplt           0x08000d2c        0x0
 .iplt          0x08000d2c        0x0 D:/STM32CubeIDE_1.18.1/STM32CubeIDE/plugins/com.st.stm32cube.ide.mcu.externaltools.gnu-tools-for-stm32.13.3.rel1.win32_1.0.0.202411081344/tools/bin/../lib/gcc/arm-none-eabi/13.3.1/thumb/v7-m/nofp/crtbegin.o

.rodata         0x08000d2c        0x0
                0x08000d2c                        . = ALIGN (0x4)
 *(.rodata)
 *(.rodata*)
                0x08000d2c                        . = ALIGN (0x4)

.ARM.extab      0x08000d2c        0x0
                0x08000d2c                        . = ALIGN (0x4)
 *(.ARM.extab* .gnu.linkonce.armextab.*)
                0x08000d2c                        . = ALIGN (0x4)

.ARM            0x08000d2c        0x0
                0x08000d2c                        . = ALIGN (0x4)
                0x08000d2c                        __exidx_start = .
 *(.ARM.exidx*)
                0x08000d2c                        __exidx_end = .
                0x08000d2c                        . = ALIGN (0x4)

.preinit_array  0x08000d2c        0x0
                0x08000d2c                        . = ALIGN (0x4)
                0x08000d2c                        PROVIDE (__preinit_array_start = .)
 *(.preinit_array*)
                0x08000d2c                        PROVIDE (__preinit_array_end = .)
                0x08000d2c                        . = ALIGN (0x4)

.init_array     0x08000d2c        0x4
                0x08000d2c                        . = ALIGN (0x4)
                0x08000d2c                        PROVIDE (__init_array_start = .)
 *(SORT_BY_NAME(.init_array.*))
 *(.init_array*)
 .init_array    0x08000d2c        0x4 D:/STM32CubeIDE_1.18.1/STM32CubeIDE/plugins/com.st.stm32cube.ide.mcu.externaltools.gnu-tools-for-stm32.13.3.rel1.win32_1.0.0.202411081344/tools/bin/../lib/gcc/arm-none-eabi/13.3.1/thumb/v7-m/nofp/crtbegin.o
                0x08000d30                        PROVIDE (__init_array_end = .)
                0x08000d30                        . = ALIGN (0x4)

.fini_array     0x08000d30        0x4
                0x08000d30                        . = ALIGN (0x4)
                [!provide]                        PROVIDE (__fini_array_start = .)
 *(SORT_BY_NAME(.fini_array.*))
 *(.fini_array*)
 .fini_array    0x08000d30        0x4 D:/STM32CubeIDE_1.18.1/STM32CubeIDE/plugins/com.st.stm32cube.ide.mcu.externaltools.gnu-tools-for-stm32.13.3.rel1.win32_1.0.0.202411081344/tools/bin/../lib/gcc/arm-none-eabi/13.3.1/thumb/v7-m/nofp/crtbegin.o
                [!provide]                        PROVIDE (__fini_array_end = .)
                0x08000d34                        . = ALIGN (0x4)
                0x08000d34                        _sidata = LOADADDR (.data)

.rel.dyn        0x08000d34        0x0
 .rel.iplt      0x08000d34        0x0 D:/STM32CubeIDE_1.18.1/STM32CubeIDE/plugins/com.st.stm32cube.ide.mcu.externaltools.gnu-tools-for-stm32.13.3.rel1.win32_1.0.0.202411081344/tools/bin/../lib/gcc/arm-none-eabi/13.3.1/thumb/v7-m/nofp/crtbegin.o

.data           0x20000000        0x4 load address 0x08000d34
                0x20000000                        . = ALIGN (0x4)
                0x20000000                        _sdata = .
 *(.data)
 *(.data*)
 .data.uwTickFreq
                0x20000000        0x1 ./Drivers/STM32F1xx_HAL_Driver/Src/stm32f1xx_hal.o
                0x20000000                uwTickFreq
 *(.RamFunc)
 *(.RamFunc*)
                0x20000004                        . = ALIGN (0x4)
 *fill*         0x20000001        0x3 
                0x20000004                        _edata = .

.igot.plt       0x20000004        0x0 load address 0x08000d38
 .igot.plt      0x20000004        0x0 D:/STM32CubeIDE_1.18.1/STM32CubeIDE/plugins/com.st.stm32cube.ide.mcu.externaltools.gnu-tools-for-stm32.13.3.rel1.win32_1.0.0.202411081344/tools/bin/../lib/gcc/arm-none-eabi/13.3.1/thumb/v7-m/nofp/crtbegin.o
                0x20000004                        . = ALIGN (0x4)

.bss            0x20000004       0x78 load address 0x08000d38
                0x20000004                        _sbss = .
                0x20000004                        __bss_start__ = _sbss
 *(.bss)
 .bss           0x20000004       0x1c D:/STM32CubeIDE_1.18.1/STM32CubeIDE/plugins/com.st.stm32cube.ide.mcu.externaltools.gnu-tools-for-stm32.13.3.rel1.win32_1.0.0.202411081344/tools/bin/../lib/gcc/arm-none-eabi/13.3.1/thumb/v7-m/nofp/crtbegin.o
 *(.bss*)
 .bss.uart_rx_buffer
                0x20000020       0x32 ./Core/Src/main.o
                0x20000020                uart_rx_buffer
 .bss.uart_rx_index
                0x20000052        0x2 ./Core/Src/main.o
                0x20000052                uart_rx_index
 .bss.uart_frame_ready
                0x20000054        0x1 ./Core/Src/main.o
                0x20000054                uart_frame_ready
 .bss.can_frame_ready
                0x20000055        0x1 ./Core/Src/main.o
                0x20000055                can_frame_ready
 .bss.repeat    0x20000056        0x1 ./Core/Src/main.o
                0x20000056                repeat
 *fill*         0x20000057        0x1 
 .bss.current_frame
                0x20000058       0x14 ./Core/Src/main.o
                0x20000058                current_frame
 .bss.tx_counter
                0x2000006c        0x1 ./Core/Src/main.o
                0x2000006c                tx_counter
 .bss.attack_flag
                0x2000006d        0x1 ./Core/Src/main.o
                0x2000006d                attack_flag
 *fill*         0x2000006e        0x2 
 .bss.rx_tracker
                0x20000070        0x8 ./Core/Src/main.o
                0x20000070                rx_tracker
 .bss.uwTick    0x20000078        0x4 ./Drivers/STM32F1xx_HAL_Driver/Src/stm32f1xx_hal.o
                0x20000078                uwTick
 *(COMMON)
                0x2000007c                        . = ALIGN (0x4)
                0x2000007c                        _ebss = .
                0x2000007c                        __bss_end__ = _ebss

._user_heap_stack
                0x2000007c      0x604 load address 0x08000d38
                0x20000080                        . = ALIGN (0x8)
 *fill*         0x2000007c        0x4 
                [!provide]                        PROVIDE (end = .)
                0x20000080                        PROVIDE (_end = .)
                0x20000280                        . = (. + _Min_Heap_Size)
 *fill*         0x20000080      0x200 
                0x20000680                        . = (. + _Min_Stack_Size)
 *fill*         0x20000280      0x400 
                0x20000680                        . = ALIGN (0x8)

/DISCARD/
 libc.a(*)
 libm.a(*)
 libgcc.a(*)

.ARM.attributes
                0x00000000       0x29
 *(.ARM.attributes)
 .ARM.attributes
                0x00000000       0x1d D:/STM32CubeIDE_1.18.1/STM32CubeIDE/plugins/com.st.stm32cube.ide.mcu.externaltools.gnu-tools-for-stm32.13.3.rel1.win32_1.0.0.202411081344/tools/bin/../lib/gcc/arm-none-eabi/13.3.1/thumb/v7-m/nofp/crti.o
 .ARM.attributes
                0x0000001d       0x2d D:/STM32CubeIDE_1.18.1/STM32CubeIDE/plugins/com.st.stm32cube.ide.mcu.externaltools.gnu-tools-for-stm32.13.3.rel1.win32_1.0.0.202411081344/tools/bin/../lib/gcc/arm-none-eabi/13.3.1/thumb/v7-m/nofp/crtbegin.o
 .ARM.attributes
                0x0000004a       0x2d ./Core/Src/can.o
 .ARM.attributes
                0x00000077       0x2d ./Core/Src/gpio.o
 .ARM.attributes
                0x000000a4       0x2d ./Core/Src/main.o
 .ARM.attributes
                0x000000d1       0x2d ./Core/Src/stm32f1xx_it.o
 .ARM.attributes
                0x000000fe       0x2d ./Core/Src/system_stm32f1xx.o
 .ARM.attributes
                0x0000012b       0x2d ./Core/Src/timer.o
 .ARM.attributes
                0x00000158       0x2d ./Core/Src/uart.o
 .ARM.attributes
                0x00000185       0x21 ./Core/Startup/startup_stm32f103c8tx.o
 .ARM.attributes
                0x000001a6       0x2d ./Drivers/STM32F1xx_HAL_Driver/Src/stm32f1xx_hal.o
 .ARM.attributes
                0x000001d3       0x2d D:/STM32CubeIDE_1.18.1/STM32CubeIDE/plugins/com.st.stm32cube.ide.mcu.externaltools.gnu-tools-for-stm32.13.3.rel1.win32_1.0.0.202411081344/tools/bin/../lib/gcc/arm-none-eabi/13.3.1/../../../../arm-none-eabi/lib/thumb/v7-m/nofp\libc_nano.a(libc_a-init.o)
 .ARM.attributes
                0x00000200       0x2d D:/STM32CubeIDE_1.18.1/STM32CubeIDE/plugins/com.st.stm32cube.ide.mcu.externaltools.gnu-tools-for-stm32.13.3.rel1.win32_1.0.0.202411081344/tools/bin/../lib/gcc/arm-none-eabi/13.3.1/../../../../arm-none-eabi/lib/thumb/v7-m/nofp\libc_nano.a(libc_a-memcpy-stub.o)
 .ARM.attributes
                0x0000022d       0x1d D:/STM32CubeIDE_1.18.1/STM32CubeIDE/plugins/com.st.stm32cube.ide.mcu.externaltools.gnu-tools-for-stm32.13.3.rel1.win32_1.0.0.202411081344/tools/bin/../lib/gcc/arm-none-eabi/13.3.1/thumb/v7-m/nofp/crtn.o
OUTPUT(CAN_PROTECTED_TRANSMISSION.elf elf32-littlearm)
LOAD linker stubs
LOAD D:/STM32CubeIDE_1.18.1/STM32CubeIDE/plugins/com.st.stm32cube.ide.mcu.externaltools.gnu-tools-for-stm32.13.3.rel1.win32_1.0.0.202411081344/tools/bin/../lib/gcc/arm-none-eabi/13.3.1/../../../../arm-none-eabi/lib/thumb/v7-m/nofp\libc.a
LOAD D:/STM32CubeIDE_1.18.1/STM32CubeIDE/plugins/com.st.stm32cube.ide.mcu.externaltools.gnu-tools-for-stm32.13.3.rel1.win32_1.0.0.202411081344/tools/bin/../lib/gcc/arm-none-eabi/13.3.1/../../../../arm-none-eabi/lib/thumb/v7-m/nofp\libm.a
LOAD D:/STM32CubeIDE_1.18.1/STM32CubeIDE/plugins/com.st.stm32cube.ide.mcu.externaltools.gnu-tools-for-stm32.13.3.rel1.win32_1.0.0.202411081344/tools/bin/../lib/gcc/arm-none-eabi/13.3.1/thumb/v7-m/nofp\libgcc.a

.debug_info     0x00000000     0x24fa
 .debug_info    0x00000000      0x885 ./Core/Src/can.o
 .debug_info    0x00000885      0x1a1 ./Core/Src/gpio.o
 .debug_info    0x00000a26      0x258 ./Core/Src/main.o
 .debug_info    0x00000c7e      0x11a ./Core/Src/stm32f1xx_it.o
 .debug_info    0x00000d98      0x222 ./Core/Src/system_stm32f1xx.o
 .debug_info    0x00000fba      0x6a2 ./Core/Src/timer.o
 .debug_info    0x0000165c      0x76a ./Core/Src/uart.o
 .debug_info    0x00001dc6       0x30 ./Core/Startup/startup_stm32f103c8tx.o
 .debug_info    0x00001df6      0x704 ./Drivers/STM32F1xx_HAL_Driver/Src/stm32f1xx_hal.o

.debug_abbrev   0x00000000      0xc38
 .debug_abbrev  0x00000000      0x275 ./Core/Src/can.o
 .debug_abbrev  0x00000275       0xa3 ./Core/Src/gpio.o
 .debug_abbrev  0x00000318       0xd8 ./Core/Src/main.o
 .debug_abbrev  0x000003f0       0x73 ./Core/Src/stm32f1xx_it.o
 .debug_abbrev  0x00000463      0x13f ./Core/Src/system_stm32f1xx.o
 .debug_abbrev  0x000005a2      0x246 ./Core/Src/timer.o
 .debug_abbrev  0x000007e8      0x22b ./Core/Src/uart.o
 .debug_abbrev  0x00000a13       0x24 ./Core/Startup/startup_stm32f103c8tx.o
 .debug_abbrev  0x00000a37      0x201 ./Drivers/STM32F1xx_HAL_Driver/Src/stm32f1xx_hal.o

.debug_aranges  0x00000000      0x2a8
 .debug_aranges
                0x00000000       0x48 ./Core/Src/can.o
 .debug_aranges
                0x00000048       0x20 ./Core/Src/gpio.o
 .debug_aranges
                0x00000068       0x20 ./Core/Src/main.o
 .debug_aranges
                0x00000088       0x60 ./Core/Src/stm32f1xx_it.o
 .debug_aranges
                0x000000e8       0x28 ./Core/Src/system_stm32f1xx.o
 .debug_aranges
                0x00000110       0x40 ./Core/Src/timer.o
 .debug_aranges
                0x00000150       0x50 ./Core/Src/uart.o
 .debug_aranges
                0x000001a0       0x28 ./Core/Startup/startup_stm32f103c8tx.o
 .debug_aranges
                0x000001c8       0xe0 ./Drivers/STM32F1xx_HAL_Driver/Src/stm32f1xx_hal.o

.debug_rnglists
                0x00000000      0x1d9
 .debug_rnglists
                0x00000000       0x35 ./Core/Src/can.o
 .debug_rnglists
                0x00000035       0x13 ./Core/Src/gpio.o
 .debug_rnglists
                0x00000048       0x13 ./Core/Src/main.o
 .debug_rnglists
                0x0000005b       0x43 ./Core/Src/stm32f1xx_it.o
 .debug_rnglists
                0x0000009e       0x1a ./Core/Src/system_stm32f1xx.o
 .debug_rnglists
                0x000000b8       0x2c ./Core/Src/timer.o
 .debug_rnglists
                0x000000e4       0x39 ./Core/Src/uart.o
 .debug_rnglists
                0x0000011d       0x19 ./Core/Startup/startup_stm32f103c8tx.o
 .debug_rnglists
                0x00000136       0xa3 ./Drivers/STM32F1xx_HAL_Driver/Src/stm32f1xx_hal.o

.debug_macro    0x00000000    0x1667a
 .debug_macro   0x00000000      0x275 ./Core/Src/can.o
 .debug_macro   0x00000275      0xacc ./Core/Src/can.o
 .debug_macro   0x00000d41       0x2e ./Core/Src/can.o
 .debug_macro   0x00000d6f       0x22 ./Core/Src/can.o
 .debug_macro   0x00000d91       0x22 ./Core/Src/can.o
 .debug_macro   0x00000db3       0x8e ./Core/Src/can.o
 .debug_macro   0x00000e41       0x51 ./Core/Src/can.o
 .debug_macro   0x00000e92      0x103 ./Core/Src/can.o
 .debug_macro   0x00000f95       0x6a ./Core/Src/can.o
 .debug_macro   0x00000fff      0x1df ./Core/Src/can.o
 .debug_macro   0x000011de       0x1c ./Core/Src/can.o
 .debug_macro   0x000011fa       0x22 ./Core/Src/can.o
 .debug_macro   0x0000121c       0xbd ./Core/Src/can.o
 .debug_macro   0x000012d9      0xd23 ./Core/Src/can.o
 .debug_macro   0x00001ffc     0xe09e ./Core/Src/can.o
 .debug_macro   0x0001009a       0x6d ./Core/Src/can.o
 .debug_macro   0x00010107      0x209 ./Core/Src/can.o
 .debug_macro   0x00010310     0x34a2 ./Core/Src/can.o
 .debug_macro   0x000137b2      0x190 ./Core/Src/can.o
 .debug_macro   0x00013942       0x5c ./Core/Src/can.o
 .debug_macro   0x0001399e      0x5bc ./Core/Src/can.o
 .debug_macro   0x00013f5a      0x289 ./Core/Src/can.o
 .debug_macro   0x000141e3      0x1cb ./Core/Src/can.o
 .debug_macro   0x000143ae      0x114 ./Core/Src/can.o
 .debug_macro   0x000144c2      0x1b2 ./Core/Src/can.o
 .debug_macro   0x00014674       0x27 ./Core/Src/can.o
 .debug_macro   0x0001469b      0x136 ./Core/Src/can.o
 .debug_macro   0x000147d1      0x1bc ./Core/Src/can.o
 .debug_macro   0x0001498d       0x34 ./Core/Src/can.o
 .debug_macro   0x000149c1       0x3c ./Core/Src/can.o
 .debug_macro   0x000149fd       0x57 ./Core/Src/can.o
 .debug_macro   0x00014a54       0x87 ./Core/Src/can.o
 .debug_macro   0x00014adb      0x240 ./Core/Src/can.o
 .debug_macro   0x00014d1b      0x140 ./Core/Src/can.o
 .debug_macro   0x00014e5b       0x83 ./Core/Src/can.o
 .debug_macro   0x00014ede       0x61 ./Core/Src/can.o
 .debug_macro   0x00014f3f       0x24 ./Core/Src/can.o
 .debug_macro   0x00014f63       0x43 ./Core/Src/can.o
 .debug_macro   0x00014fa6       0x34 ./Core/Src/can.o
 .debug_macro   0x00014fda      0x370 ./Core/Src/can.o
 .debug_macro   0x0001534a       0x16 ./Core/Src/can.o
 .debug_macro   0x00015360       0x4a ./Core/Src/can.o
 .debug_macro   0x000153aa       0x34 ./Core/Src/can.o
 .debug_macro   0x000153de       0x10 ./Core/Src/can.o
 .debug_macro   0x000153ee       0x58 ./Core/Src/can.o
 .debug_macro   0x00015446       0x8e ./Core/Src/can.o
 .debug_macro   0x000154d4       0x1c ./Core/Src/can.o
 .debug_macro   0x000154f0      0x185 ./Core/Src/can.o
 .debug_macro   0x00015675       0x10 ./Core/Src/can.o
 .debug_macro   0x00015685       0x3c ./Core/Src/can.o
 .debug_macro   0x000156c1       0x20 ./Core/Src/can.o
 .debug_macro   0x000156e1       0x16 ./Core/Src/can.o
 .debug_macro   0x000156f7      0x26b ./Core/Src/gpio.o
 .debug_macro   0x00015962      0x28d ./Core/Src/main.o
 .debug_macro   0x00015bef      0x26b ./Core/Src/stm32f1xx_it.o
 .debug_macro   0x00015e5a      0x184 ./Core/Src/system_stm32f1xx.o
 .debug_macro   0x00015fde      0x275 ./Core/Src/timer.o
 .debug_macro   0x00016253      0x27f ./Core/Src/uart.o
 .debug_macro   0x000164d2      0x1a8 ./Drivers/STM32F1xx_HAL_Driver/Src/stm32f1xx_hal.o

.debug_line     0x00000000     0x492f
 .debug_line    0x00000000      0xb73 ./Core/Src/can.o
 .debug_line    0x00000b73      0x81c ./Core/Src/gpio.o
 .debug_line    0x0000138f      0x848 ./Core/Src/main.o
 .debug_line    0x00001bd7      0x8b4 ./Core/Src/stm32f1xx_it.o
 .debug_line    0x0000248b      0x726 ./Core/Src/system_stm32f1xx.o
 .debug_line    0x00002bb1      0x960 ./Core/Src/timer.o
 .debug_line    0x00003511      0xa4f ./Core/Src/uart.o
 .debug_line    0x00003f60       0x78 ./Core/Startup/startup_stm32f103c8tx.o
 .debug_line    0x00003fd8      0x957 ./Drivers/STM32F1xx_HAL_Driver/Src/stm32f1xx_hal.o

.debug_str      0x00000000    0x7e8bb
 .debug_str     0x00000000    0x7e8bb ./Core/Src/can.o
                              0x7e4e9 (size before relaxing)
 .debug_str     0x0007e8bb    0x7dfe4 ./Core/Src/gpio.o
 .debug_str     0x0007e8bb    0x7e0c1 ./Core/Src/main.o
 .debug_str     0x0007e8bb    0x7e035 ./Core/Src/stm32f1xx_it.o
 .debug_str     0x0007e8bb    0x7ae26 ./Core/Src/system_stm32f1xx.o
 .debug_str     0x0007e8bb    0x7e43e ./Core/Src/timer.o
 .debug_str     0x0007e8bb    0x7e4be ./Core/Src/uart.o
 .debug_str     0x0007e8bb       0x98 ./Core/Startup/startup_stm32f103c8tx.o
 .debug_str     0x0007e8bb    0x7b559 ./Drivers/STM32F1xx_HAL_Driver/Src/stm32f1xx_hal.o

.comment        0x00000000       0x43
 .comment       0x00000000       0x43 ./Core/Src/can.o
                                 0x44 (size before relaxing)
 .comment       0x00000043       0x44 ./Core/Src/gpio.o
 .comment       0x00000043       0x44 ./Core/Src/main.o
 .comment       0x00000043       0x44 ./Core/Src/stm32f1xx_it.o
 .comment       0x00000043       0x44 ./Core/Src/system_stm32f1xx.o
 .comment       0x00000043       0x44 ./Core/Src/timer.o
 .comment       0x00000043       0x44 ./Core/Src/uart.o
 .comment       0x00000043       0x44 ./Drivers/STM32F1xx_HAL_Driver/Src/stm32f1xx_hal.o

.debug_frame    0x00000000      0x7f4
 .debug_frame   0x00000000       0xe4 ./Core/Src/can.o
 .debug_frame   0x000000e4       0x30 ./Core/Src/gpio.o
 .debug_frame   0x00000114       0x2c ./Core/Src/main.o
 .debug_frame   0x00000140      0x104 ./Core/Src/stm32f1xx_it.o
 .debug_frame   0x00000244       0x58 ./Core/Src/system_stm32f1xx.o
 .debug_frame   0x0000029c       0xc0 ./Core/Src/timer.o
 .debug_frame   0x0000035c      0x110 ./Core/Src/uart.o
 .debug_frame   0x0000046c      0x334 ./Drivers/STM32F1xx_HAL_Driver/Src/stm32f1xx_hal.o
 .debug_frame   0x000007a0       0x2c D:/STM32CubeIDE_1.18.1/STM32CubeIDE/plugins/com.st.stm32cube.ide.mcu.externaltools.gnu-tools-for-stm32.13.3.rel1.win32_1.0.0.202411081344/tools/bin/../lib/gcc/arm-none-eabi/13.3.1/../../../../arm-none-eabi/lib/thumb/v7-m/nofp\libc_nano.a(libc_a-init.o)
 .debug_frame   0x000007cc       0x28 D:/STM32CubeIDE_1.18.1/STM32CubeIDE/plugins/com.st.stm32cube.ide.mcu.externaltools.gnu-tools-for-stm32.13.3.rel1.win32_1.0.0.202411081344/tools/bin/../lib/gcc/arm-none-eabi/13.3.1/../../../../arm-none-eabi/lib/thumb/v7-m/nofp\libc_nano.a(libc_a-memcpy-stub.o)

.debug_line_str
                0x00000000       0x7c
 .debug_line_str
                0x00000000       0x7c ./Core/Startup/startup_stm32f103c8tx.o
